register normalizers/mysql
[[0,0.0,0.0],true]
normalize   'NormalizerMySQLUnicode900("locale", "ja",                              "weight_level", 4)'   "はハ"
[[0,0.0,0.0],{"normalized":"はハ","types":[],"checks":[]}]
