register normalizers/mysql
[[0,0.0,0.0],true]
normalize   'NormalizerMySQLUnicode900("locale", "ja",                              "weight_level", 4)'   "ﾊ"
[[0,0.0,0.0],{"normalized":"ハ","types":[],"checks":[]}]
