register normalizers/mysql
[[0,0.0,0.0],true]
normalize   'NormalizerMySQLUnicode900("weight_level", 3)'   "ﾊ"
[[0,0.0,0.0],{"normalized":"ﾊ","types":[],"checks":[]}]
