register normalizers/mysql
[[0,0.0,0.0],true]
normalize   'NormalizerMySQLUnicode900("weight_level", 1)'   "AÀÁÂÃÄÅaàáâãäåĀāĂăĄą"
[[0,0.0,0.0],{"normalized":"AAAAAAAAAAAAAAAAAAAA","types":[],"checks":[]}]
