register normalizers/mysql
[[0,0.0,0.0],true]
normalize   'NormalizerMySQLUnicode900("weight_level", 1)'   "ﾊ"
[[0,0.0,0.0],{"normalized":"は","types":[],"checks":[]}]
