register normalizers/mysql
[[0,0.0,0.0],true]
normalize   'NormalizerMySQLUnicode900("weight_level", 1)'   "ょ"
[[0,0.0,0.0],{"normalized":"よ","types":[],"checks":[]}]
