register normalizers/mysql
[[0,0.0,0.0],true]
normalize   'NormalizerMySQLUnicode900("weight_level", 1)'   "ぱばパバ"
[[0,0.0,0.0],{"normalized":"はははは","types":[],"checks":[]}]
