register normalizers/mysql
[[0,0.0,0.0],true]
normalize NormalizerMySQLUnicodeCIExceptKanaCIKanaWithVoicedSoundMark   "beforeｹﾞafter"
[[0,0.0,0.0],{"normalized":"BEFOREけAFTER","types":[]}]
