register normalizers/mysql
[[0,0.0,0.0],true]
normalize NormalizerMySQLUnicodeCI "🍣🍺"
