register normalizers/mysql
[[0,0.0,0.0],true]
normalize NormalizerMySQLUnicodeCI "a b c" REMOVE_BLANK
[[0,0.0,0.0],{"normalized":"ABC","types":[],"checks":[]}]
