register normalizers/mysql
[[0,0.0,0.0],true]
normalize NormalizerMySQLGeneralCI " \t　"
[[0,0.0,0.0],{"normalized":" \t　","types":[],"checks":[]}]
