register normalizers/mysql
[[0,0.0,0.0],true]
normalize   'NormalizerMySQLUnicode900("weight_level", 2)'   "はハ"
[[0,0.0,0.0],{"normalized":"はは","types":[],"checks":[]}]
