register normalizers/mysql
[[0,0.0,0.0],true]
normalize   'NormalizerMySQLUnicode900("weight_level", 2)'   "ぱばパバ"
[[0,0.0,0.0],{"normalized":"ぱばぱば","types":[],"checks":[]}]
